BlobSubtype=18 (FLE2FindTextPayload)
EDCTextExactDerivedFromDataToken=280EDAB4190763D1F4183D383F8830773859C3A74A13161094E6FD44E7390FED ("d":{"$binary":{"base64":"KA7atBkHY9H0GD04P4gwdzhZw6dKExYQlOb9ROc5D+0=","subType":"00"}})
ESCTextExactDerivedFromDataToken=C3C8980ED11E63EC199104BC9A0889322C9EB80D00EEE0B5148DC83F7E78ADB7 ("s":{"$binary":{"base64":"w8iYDtEeY+wZkQS8mgiJMiyeuA0A7uC1FI3IP354rbc=","subType":"00"}})
ServerTextExactDerivedFromDataToken=8773322A2B9E6C08886DB6BC65B46FFDD64651E8A49400A9E55FF5BC550D45BF ("l":{"$binary":{"base64":"h3MyKiuebAiIbba8ZbRv/dZGUeiklACp5V/1vFUNRb8=","subType":"00"}})
MaxContentionCounter=43 ("cm":43)
CaseFolding=true ("cf":true)
DiacriticFolding=false ("df":false)
PrefixUpperBound=20 ("ub":20)
PrefixLowerBound=2 ("lb":2)
