BlobSubtype=11 (FLE2InsertUpdatePayloadV2)
EDCDerivedFromDataTokenAndCounter=76FAD9A57BFA6AA6686728B4F2DD1B728FED2F1D885C1630B33FE6B62DA8BAC4 ("d":{"$binary":{"base64":"dvrZpXv6aqZoZyi08t0bco/tLx2IXBYwsz/mti2ousQ=","subType":"00"}})
ESCDerivedFromDataTokenAndCounter=1527A3961D1BF73AD0A8CC7A6DDD9CDF0616B1662ACBBF707E1BC3EE69A3B812 ("s":{"$binary":{"base64":"FSejlh0b9zrQqMx6bd2c3wYWsWYqy79wfhvD7mmjuBI=","subType":"00"}})
Encrypted tokens=C743D675769EA788D5E5C440DB240DF942CBC23BFC7BEFA83289E97C6386B3D059D2EA8F3FBC1A8B0652C07B03C79EFE ("p":{"$binary":{"base64":"x0PWdXaep4jV5cRA2yQN+ULLwjv8e++oMonpfGOGs9BZ0uqPP7waiwZSwHsDx57+","subType":"00"}})
IndexKeyId=12345678123498761234123456789012 ("u":{"$binary":{"base64":"EjRWeBI0mHYSNBI0VniQEg==","subType":"04"}})
Encrypted Type=2 ("t":2)
Value={"$binary":{"base64":"q83vqxI0mHYSNBI0VniQEkzZZBBDgeZh+h+gXEmOrSHYikH9u4e644rfZY9N9UQR4h76qKAmcbo43utRcXMQy+FXXIxSuNntFHZHTcNJhJo=","subType":"00"}} ("v":{"$binary":{"base64":"q83vqxI0mHYSNBI0VniQEkzZZBBDgeZh+h+gXEmOrSHYikH9u4e644rfZY9N9UQR4h76qKAmcbo43utRcXMQy+FXXIxSuNntFHZHTcNJhJo=","subType":"00"}})
ServerDataEncryptionLevel1Token=EB9A73F7912D86A4297E81D2F675AF742874E4057E3A890FEC651A23EEE3F3EC ("e":{"$binary":{"base64":"65pz95EthqQpfoHS9nWvdCh05AV+OokP7GUaI+7j8+w=","subType":"00"}})
ServerDerivedFromDataToken=699F6CDC6FB8CE77F14ADC5E399C1C672D4E8738CC19CE618E674C37E6FFC3A9 ("l":{"$binary":{"base64":"aZ9s3G+4znfxStxeOZwcZy1OhzjMGc5hjmdMN+b/w6k=","subType":"00"}})
Randomly sampled contention factor=0 ("k":0)
