BlobSubtype=11 (FLE2InsertUpdatePayloadV2)
EDCDerivedFromDataTokenAndCounter=76fad9a57bfa6aa6686728b4f2dd1b728fed2f1d885c1630b33fe6b62da8bac4 ("d":{"$binary":{"base64":"dvrZpXv6aqZoZyi08t0bco/tLx2IXBYwsz/mti2ousQ=","subType":"00"}})
ESCDerivedFromDataTokenAndCounter=1527a3961d1bf73ad0a8cc7a6ddd9cdf0616b1662acbbf707e1bc3ee69a3b812 ("s":{"$binary":{"base64":"FSejlh0b9zrQqMx6bd2c3wYWsWYqy79wfhvD7mmjuBI=","subType":"00"}})
Encrypted tokens=c743d675769ea788d5e5c440db240df942cbc23bfc7befa83289e97c6386b3d059d2ea8f3fbc1a8b0652c07b03c79efe ("p":{"$binary":{"base64":"x0PWdXaep4jV5cRA2yQN+ULLwjv8e++oMonpfGOGs9BZ0uqPP7waiwZSwHsDx57+","subType":"00"}})
IndexKeyId=12345678123498761234123456789012 ("u":{"$binary":{"base64":"EjRWeBI0mHYSNBI0VniQEg==","subType":"04"}})
Encrypted Type=2 ("t":2)
Value={"$binary":{"base64":"q83vqxI0mHYSNBI0VniQEkzZZBBDgeZh+h+gXEmOrSHYikH9u4e644rfZY9N9UQR4h76qKAmcbo43utRcXMQy+FXXIxSuNntFHZHTcNJhJo=","subType":"00"}} ("v":{"$binary":{"base64":"q83vqxI0mHYSNBI0VniQEkzZZBBDgeZh+h+gXEmOrSHYikH9u4e644rfZY9N9UQR4h76qKAmcbo43utRcXMQy+FXXIxSuNntFHZHTcNJhJo=","subType":"00"}})
ServerDataEncryptionLevel1Token=eb9a73f7912d86a4297e81d2f675af742874e4057e3a890fec651a23eee3f3ec ("e":{"$binary":{"base64":"65pz95EthqQpfoHS9nWvdCh05AV+OokP7GUaI+7j8+w=","subType":"00"}})
ServerDerivedFromDataToken=699f6cdc6fb8ce77f14adc5e399c1c672d4e8738cc19ce618e674c37e6ffc3a9 ("l":{"$binary":{"base64":"aZ9s3G+4znfxStxeOZwcZy1OhzjMGc5hjmdMN+b/w6k=","subType":"00"}})
Randomly sampled contention factor=0 ("k":0)
